// Jest Snapshot v1, https://goo.gl/fbAQLP

exports[`<DestinationCard/> Matches the snapshot 1`] = `
<div
  className="ant-col ant-col-8 column"
  style={Object {}}
>
  <div
    className="ant-card ant-card-bordered"
  >
    <div
      className="ant-card-body"
      style={Object {}}
    />
  </div>
</div>
`;
